{
    "admin": [
        "system.version"
    ],
    "animals": [
        "cows",
        "tigers",
        "dogs",
        "cats",
        "horses",
        "lions"
    ],
    "database": [
        "collection_1",
        "collection_3",
        "collection",
        "collection_2"
    ],
    "database_test": [
        "test_3",
        "test_1",
        "collection_2",
        "collection_1",
        "test_2",
        "collection",
        "collection_3",
        "test"
    ],
    "empty": [
        "empty"
    ],
    "fruits": [
        "oranges",
        "lemons",
        "bananas"
    ],
    "test": [
        "test",
        "test_3",
        "test_2",
        "test_1"
    ]
}